// Jest Snapshot v1, https://goo.gl/fbAQLP

exports[`Video player correctly renders after relaunch 1`] = `
<video
  className="player-class"
  controls={false}
  height="300"
  muted={false}
  poster="https://image.com/image.png"
  width="300"
>
  <source
    src="https://video.com/video.mp4"
    type="video/mp4"
  />
</video>
`;
