// Jest Snapshot v1, https://goo.gl/fbAQLP

exports[`Reviews tab correctly renders after relaunch 1`] = `
<div
  className="movie-card__reviews movie-card__row"
>
  <div
    className="movie-card__reviews-col"
  >
    <div
      className="review"
    >
      <blockquote
        className="review__quote"
      >
        <p
          className="review__text"
        >
          Hello!!
        </p>
        <footer
          className="review__details"
        >
          <cite
            className="review__author"
          >
            Dasha
          </cite>
          <time
            className="review__date"
            dateTime="2019-11-24"
          >
            November 24th, 2019
          </time>
        </footer>
      </blockquote>
      <div
        className="review__rating"
      >
        3.5
      </div>
    </div>
  </div>
  <div
    className="movie-card__reviews-col"
  >
    <div
      className="review"
    >
      <blockquote
        className="review__quote"
      >
        <p
          className="review__text"
        >
          Bye
        </p>
        <footer
          className="review__details"
        >
          <cite
            className="review__author"
          >
            Masha
          </cite>
          <time
            className="review__date"
            dateTime="2019-11-09"
          >
            November 9th, 2019
          </time>
        </footer>
      </blockquote>
      <div
        className="review__rating"
      >
        1.1
      </div>
    </div>
  </div>
</div>
`;
