// Jest Snapshot v1, https://goo.gl/fbAQLP

exports[`Catalog correctly renders after relaunch 1`] = `
<section
  className="catalog section-class-name"
>
  <h2
    className="catalog__title header-class-name"
  >
    This is title
  </h2>
  <ul
    className="catalog__genres-list"
  >
    <li
      className="catalog__genres-item catalog__genres-item--active"
      onClick={[Function]}
    >
      <a
        className="catalog__genres-link"
      >
        All genres
      </a>
    </li>
  </ul>
  <div
    className="catalog__movies-list"
  />
</section>
`;
