// Jest Snapshot v1, https://goo.gl/fbAQLP

exports[`Main page correctly renders after relaunch 1`] = `
Array [
  <MovieCard
    isMainPage={true}
    movie={Object {}}
  />,
  <div
    className="page-content"
  >
    <Catalog
      activeFilter="All genres"
      counter={8}
      genres={
        Set {
          "All genres",
        }
      }
      isMainPage={true}
      movies={Array []}
      onChangeFilter={[Function]}
      onShowMoreClick={[Function]}
    />
    <footer
      className="page-footer"
    >
      <div
        className="logo"
      >
        <a
          className="logo__link logo__link--light"
        >
          <span
            className="logo__letter logo__letter--1"
          >
            W
          </span>
          <span
            className="logo__letter logo__letter--2"
          >
            T
          </span>
          <span
            className="logo__letter logo__letter--3"
          >
            W
          </span>
        </a>
      </div>
      <div
        className="copyright"
      >
        <p>
          © 2019 What to watch Ltd.
        </p>
      </div>
    </footer>
  </div>,
]
`;
