// Jest Snapshot v1, https://goo.gl/fbAQLP

exports[`Movie card bottom correctly renders after relaunch 1`] = `
<div
  className="movie-card__wrap movie-card__translate-top"
>
  <div
    className="movie-card__info"
  >
    <MovieCardPoster
      isBig={true}
      name=""
      posterImage=""
    />
    <MovieCardTabs
      active="Overview"
      movie={
        Object {
          "backgroundImage": "",
          "comments": Array [],
          "description": "",
          "director": "",
          "genre": "",
          "name": "",
          "posterImage": "",
          "rating": 0,
          "released": 0,
          "runTime": 0,
          "scoresCount": 0,
          "starring": Array [],
        }
      }
      onChangeTab={[Function]}
    />
  </div>
</div>
`;
